../Core/Src/main.c:88:6:HAL_CAN_RxFifo1MsgPendingCallback	16	static
../Core/Src/main.c:98:6:HAL_ADC_ConvCpltCallback	16	static
../Core/Src/main.c:104:6:intTobyte	16	static
../Core/Src/main.c:120:5:main	8	static
../Core/Src/main.c:186:6:SystemClock_Config	72	static
../Core/Src/main.c:225:13:MX_CAN_Init	48	static
../Core/Src/main.c:278:13:MX_GPIO_Init	40	static
../Core/Src/main.c:308:13:MX_DMA_Init	16	static
../Core/Src/main.c:327:13:MX_ADC1_Init	24	static
../Core/Src/main.c:403:6:Error_Handler	4	static,ignoring_inline_asm
